============================================================
STEP 1: Create cart
============================================================
Success: False
Cart details: None
Mode: None
Response (first 400 chars): Please authenticate first to create a cart.

============================================================
STEP 2: Add 2 keyboards
============================================================
Success: True
Response: I can't find a direct solution for your query. You can raise a ticket and our team will resolve it within 24 hours.

============================================================
STEP 3: Done
============================================================
Success: True
Response: I can't find a direct solution for your query. You can raise a ticket and our team will resolve it within 24 hours.

============================================================
STEP 4: Submit (yes)
============================================================
Success: True
Response: I can't find a direct solution for your query. You can raise a ticket and our team will resolve it within 24 hours.

===== TEST COMPLETE =====
